// Jest Snapshot v1, https://goo.gl/fbAQLP

exports[`matches snapshot 1`] = `
ShallowWrapper {
  "length": 1,
  Symbol(enzyme.__root__): [Circular],
  Symbol(enzyme.__unrendered__): <EditorToolbar
    quill={
      Quill {
        "addContainer": [MockFunction],
        "blur": [MockFunction],
        "deleteText": [MockFunction],
        "disable": [MockFunction],
        "enable": [MockFunction],
        "focus": [MockFunction],
        "format": [MockFunction],
        "formatLine": [MockFunction],
        "formatText": [MockFunction],
        "getBounds": [MockFunction],
        "getContents": [MockFunction],
        "getFormat": [MockFunction],
        "getIndex": [MockFunction],
        "getLeaf": [MockFunction],
        "getLength": [MockFunction],
        "getLine": [MockFunction],
        "getLines": [MockFunction],
        "getModule": [MockFunction],
        "getSelection": [MockFunction],
        "getText": [MockFunction],
        "hasFocus": [MockFunction],
        "insertEmbed": [MockFunction],
        "insertText": [MockFunction],
        "isEnabled": [MockFunction],
        "off": [MockFunction],
        "on": [MockFunction] {
          "calls": Array [
            Array [
              "editor-change",
              [Function],
            ],
            Array [
              "scroll-optimize",
              [Function],
            ],
          ],
        },
        "once": [MockFunction],
        "pasteHTML": [MockFunction],
        "removeFormat": [MockFunction],
        "scrollIntoView": [MockFunction],
        "setContents": [MockFunction],
        "setSelection": [MockFunction],
        "setText": [MockFunction],
        "update": [MockFunction],
        "updateContents": [MockFunction],
      }
    }
  />,
  Symbol(enzyme.__renderer__): Object {
    "batchedUpdates": [Function],
    "getNode": [Function],
    "render": [Function],
    "simulateEvent": [Function],
    "unmount": [Function],
  },
  Symbol(enzyme.__node__): Object {
    "instance": null,
    "key": undefined,
    "nodeType": "host",
    "props": Object {
      "aria-label": "Inline Level Formatting Menu",
      "children": <ul
        aria-label="Inline Level Formatting Menu"
        className="richEditor-menuItems MenuItems"
        role="menubar"
      >
        <EditorMenuItem
          clickHandler={[Function]}
          isActive={false}
          propertyName="bold"
        />
        <EditorMenuItem
          clickHandler={[Function]}
          isActive={false}
          propertyName="italic"
        />
        <EditorMenuItem
          clickHandler={[Function]}
          isActive={false}
          propertyName="strike"
        />
        <EditorMenuItem
          clickHandler={[Function]}
          isActive={false}
          propertyName="code"
        />
        <EditorMenuItem
          clickHandler={[Function]}
          isActive={false}
          propertyName="link"
        />
      </ul>,
      "className": "richEditor-menu",
      "role": "dialog",
    },
    "ref": null,
    "rendered": Object {
      "instance": null,
      "key": undefined,
      "nodeType": "host",
      "props": Object {
        "aria-label": "Inline Level Formatting Menu",
        "children": Array [
          <EditorMenuItem
            clickHandler={[Function]}
            isActive={false}
            propertyName="bold"
          />,
          <EditorMenuItem
            clickHandler={[Function]}
            isActive={false}
            propertyName="italic"
          />,
          <EditorMenuItem
            clickHandler={[Function]}
            isActive={false}
            propertyName="strike"
          />,
          <EditorMenuItem
            clickHandler={[Function]}
            isActive={false}
            propertyName="code"
          />,
          <EditorMenuItem
            clickHandler={[Function]}
            isActive={false}
            propertyName="link"
          />,
        ],
        "className": "richEditor-menuItems MenuItems",
        "role": "menubar",
      },
      "ref": null,
      "rendered": Array [
        Object {
          "instance": null,
          "key": "0",
          "nodeType": "class",
          "props": Object {
            "clickHandler": [Function],
            "isActive": false,
            "propertyName": "bold",
          },
          "ref": null,
          "rendered": null,
          "type": [Function],
        },
        Object {
          "instance": null,
          "key": "1",
          "nodeType": "class",
          "props": Object {
            "clickHandler": [Function],
            "isActive": false,
            "propertyName": "italic",
          },
          "ref": null,
          "rendered": null,
          "type": [Function],
        },
        Object {
          "instance": null,
          "key": "2",
          "nodeType": "class",
          "props": Object {
            "clickHandler": [Function],
            "isActive": false,
            "propertyName": "strike",
          },
          "ref": null,
          "rendered": null,
          "type": [Function],
        },
        Object {
          "instance": null,
          "key": "3",
          "nodeType": "class",
          "props": Object {
            "clickHandler": [Function],
            "isActive": false,
            "propertyName": "code",
          },
          "ref": null,
          "rendered": null,
          "type": [Function],
        },
        Object {
          "instance": null,
          "key": "4",
          "nodeType": "class",
          "props": Object {
            "clickHandler": [Function],
            "isActive": false,
            "propertyName": "link",
          },
          "ref": null,
          "rendered": null,
          "type": [Function],
        },
      ],
      "type": "ul",
    },
    "type": "div",
  },
  Symbol(enzyme.__nodes__): Array [
    Object {
      "instance": null,
      "key": undefined,
      "nodeType": "host",
      "props": Object {
        "aria-label": "Inline Level Formatting Menu",
        "children": <ul
          aria-label="Inline Level Formatting Menu"
          className="richEditor-menuItems MenuItems"
          role="menubar"
        >
          <EditorMenuItem
            clickHandler={[Function]}
            isActive={false}
            propertyName="bold"
          />
          <EditorMenuItem
            clickHandler={[Function]}
            isActive={false}
            propertyName="italic"
          />
          <EditorMenuItem
            clickHandler={[Function]}
            isActive={false}
            propertyName="strike"
          />
          <EditorMenuItem
            clickHandler={[Function]}
            isActive={false}
            propertyName="code"
          />
          <EditorMenuItem
            clickHandler={[Function]}
            isActive={false}
            propertyName="link"
          />
        </ul>,
        "className": "richEditor-menu",
        "role": "dialog",
      },
      "ref": null,
      "rendered": Object {
        "instance": null,
        "key": undefined,
        "nodeType": "host",
        "props": Object {
          "aria-label": "Inline Level Formatting Menu",
          "children": Array [
            <EditorMenuItem
              clickHandler={[Function]}
              isActive={false}
              propertyName="bold"
            />,
            <EditorMenuItem
              clickHandler={[Function]}
              isActive={false}
              propertyName="italic"
            />,
            <EditorMenuItem
              clickHandler={[Function]}
              isActive={false}
              propertyName="strike"
            />,
            <EditorMenuItem
              clickHandler={[Function]}
              isActive={false}
              propertyName="code"
            />,
            <EditorMenuItem
              clickHandler={[Function]}
              isActive={false}
              propertyName="link"
            />,
          ],
          "className": "richEditor-menuItems MenuItems",
          "role": "menubar",
        },
        "ref": null,
        "rendered": Array [
          Object {
            "instance": null,
            "key": "0",
            "nodeType": "class",
            "props": Object {
              "clickHandler": [Function],
              "isActive": false,
              "propertyName": "bold",
            },
            "ref": null,
            "rendered": null,
            "type": [Function],
          },
          Object {
            "instance": null,
            "key": "1",
            "nodeType": "class",
            "props": Object {
              "clickHandler": [Function],
              "isActive": false,
              "propertyName": "italic",
            },
            "ref": null,
            "rendered": null,
            "type": [Function],
          },
          Object {
            "instance": null,
            "key": "2",
            "nodeType": "class",
            "props": Object {
              "clickHandler": [Function],
              "isActive": false,
              "propertyName": "strike",
            },
            "ref": null,
            "rendered": null,
            "type": [Function],
          },
          Object {
            "instance": null,
            "key": "3",
            "nodeType": "class",
            "props": Object {
              "clickHandler": [Function],
              "isActive": false,
              "propertyName": "code",
            },
            "ref": null,
            "rendered": null,
            "type": [Function],
          },
          Object {
            "instance": null,
            "key": "4",
            "nodeType": "class",
            "props": Object {
              "clickHandler": [Function],
              "isActive": false,
              "propertyName": "link",
            },
            "ref": null,
            "rendered": null,
            "type": [Function],
          },
        ],
        "type": "ul",
      },
      "type": "div",
    },
  ],
  Symbol(enzyme.__options__): Object {
    "adapter": ReactSixteenAdapter {
      "options": Object {
        "enableComponentDidUpdateOnSetState": true,
      },
    },
  },
}
`;
